
> es-healthcare-backend@1.0.0 build
> nest build

node.exe : [96msrc/appointments/appointments.service.ts[0m:[93m23[0m:[93m9[0m - [91merror[0m[90m TS2353: 
[0mObject literal may only specify known properties, and 'appointmentNumber' does not exist in type 
'(Without<AppointmentCreateInput, AppointmentUncheckedCreateInput> & AppointmentUncheckedCreateInput) | (Without<...> 
& AppointmentCreateInput)'.
At line:1 char:1
+ & "C:\Program Files\nodejs/node.exe" "C:\Program Files\nodejs/node_mo ...
+ ~~~~~~~~~~~~~~~~~~~~~~~~~~~~~~~~~~~~~~~~~~~~~~~~~~~~~~~~~~~~~~~~~~~~~
    + CategoryInfo          : NotSpecified: ([96msrc/appoin...tCreateInput)'.:String) [], RemoteException
    + FullyQualifiedErrorId : NativeCommandError
 

[7m23[0m         appointmentNumber,
[7m  [0m [91m        ~~~~~~~~~~~~~~~~~[0m

  [96mnode_modules/.prisma/client/index.d.ts[0m:[93m11433[0m:[93m5[0m
    [7m11433[0m     data: XOR<AppointmentCreateInput, AppointmentUncheckedCreateInput>
    [7m     [0m [96m    ~~~~[0m
    The expected type comes from property 'data' which is declared here on type '{ select?: 
AppointmentSelect<DefaultArgs> | null | undefined; omit?: AppointmentOmit<DefaultArgs> | null | undefined; data: 
(Without<...> & AppointmentUncheckedCreateInput) | (Without<...> & AppointmentCreateInput); }'
[96msrc/appointments/appointments.service.ts[0m:[93m69[0m:[93m20[0m - [91merror[0m[90m TS2353: [0mObject 
literal may only specify known properties, and 'appointmentDate' does not exist in type 
'AppointmentOrderByWithRelationInput | AppointmentOrderByWithRelationInput[]'.

[7m69[0m         orderBy: { appointmentDate: 'desc' },
[7m  [0m [91m                   ~~~~~~~~~~~~~~~[0m
[96msrc/appointments/appointments.service.ts[0m:[93m90[0m:[93m7[0m - [91merror[0m[90m TS2322: [0mType '{ 
patient: true; doctor: true; inquiry: true; invoices: true; }' is not assignable to type 'never'.

[7m90[0m       include: {
[7m  [0m [91m      ~~~~~~~[0m

  [96msrc/appointments/appointments.service.ts[0m:[93m90[0m:[93m7[0m
    [7m 90[0m       include: {
    [7m   [0m [96m      ~~~~~~~~~~[0m
    [7m 91[0m         patient: true,
    [7m   [0m [96m~~~~~~~~~~~~~~~~~~~~~~[0m
    [7m...[0m 
    [7m 94[0m         invoices: true,
    [7m   [0m [96m~~~~~~~~~~~~~~~~~~~~~~~[0m
    [7m 95[0m       },
    [7m   [0m [96m~~~~~~~[0m
    The expected type comes from property 'include' which is declared here on type '{ where: { id: string; }; include: 
never; }'
[96msrc/appointments/appointments.service.ts[0m:[93m127[0m:[93m7[0m - [91merror[0m[90m TS2322: [0mType '{ 
patient: true; doctor: true; }' is not assignable to type 'never'.

[7m127[0m       include: { patient: true, doctor: true },
[7m   [0m [91m      ~~~~~~~[0m

  [96msrc/appointments/appointments.service.ts[0m:[93m127[0m:[93m7[0m
    [7m127[0m       include: { patient: true, doctor: true },
    [7m   [0m [96m      ~~~~~~~~~~~~~~~~~~~~~~~~~~~~~~~~~~~~~~~~[0m
    The expected type comes from property 'include' which is declared here on type '{ where: { id: string; }; data: 
any; include: never; }'
[96msrc/appointments/dto/create-appointment.dto.ts[0m:[93m22[0m:[93m15[0m - [91merror[0m[90m TS2304: 
[0mCannot find name 'Department'.

[7m22[0m   department: Department = null as any;
[7m  [0m [91m              ~~~~~~~~~~[0m
[96msrc/appointments/dto/create-appointment.dto.ts[0m:[93m41[0m:[93m12[0m - [91merror[0m[90m TS2304: 
[0mCannot find name 'AppointmentStatus'.

[7m41[0m   status?: AppointmentStatus;
[7m  [0m [91m           ~~~~~~~~~~~~~~~~~[0m
[96msrc/billing/billing.service.ts[0m:[93m42[0m:[93m9[0m - [91merror[0m[90m TS2353: [0mObject literal may 
only specify known properties, and 'invoiceNumber' does not exist in type '(Without<InvoiceCreateInput, 
InvoiceUncheckedCreateInput> & InvoiceUncheckedCreateInput) | (Without<...> & InvoiceCreateInput)'.

[7m42[0m         invoiceNumber,
[7m  [0m [91m        ~~~~~~~~~~~~~[0m

  [96mnode_modules/.prisma/client/index.d.ts[0m:[93m13759[0m:[93m5[0m
    [7m13759[0m     data?: XOR<InvoiceCreateInput, InvoiceUncheckedCreateInput>
    [7m     [0m [96m    ~~~~[0m
    The expected type comes from property 'data' which is declared here on type '{ select?: InvoiceSelect<DefaultArgs> 
| null | undefined; omit?: InvoiceOmit<DefaultArgs> | null | undefined; data?: (Without<...> & 
InvoiceUncheckedCreateInput) | (Without<...> & InvoiceCreateInput) | undefined; }'
[96msrc/billing/billing.service.ts[0m:[93m83[0m:[93m25[0m - [91merror[0m[90m TS2339: [0mProperty 'payment' 
does not exist on type 'PrismaService'.

[7m83[0m       await this.prisma.payment.create({
[7m  [0m [91m                        ~~~~~~~[0m
[96msrc/billing/billing.service.ts[0m:[93m124[0m:[93m9[0m - [91merror[0m[90m TS2322: [0mType '{ patient: { 
select: { id: true; uhid: true; firstName: true; lastName: true; mobile: true; }; }; items: true; _count: { select: { 
payments: true; }; }; }' is not assignable to type 'never'.

[7m124[0m         include: {
[7m   [0m [91m        ~~~~~~~[0m
[96msrc/billing/billing.service.ts[0m:[93m141[0m:[93m7[0m - [91merror[0m[90m TS2322: [0mType '{ patient: 
true; appointment: true; items: { include: { test: true; package: true; }; }; payments: { include: { receivedBy: { 
select: { firstName: true; lastName: true; }; }; }; }; createdBy: { select: { firstName: true; lastName: true; }; }; 
}' is not assignable to type 'never'.

[7m141[0m       include: {
[7m   [0m [91m      ~~~~~~~[0m

  [96msrc/billing/billing.service.ts[0m:[93m141[0m:[93m7[0m
    [7m141[0m       include: {
    [7m   [0m [96m      ~~~~~~~~~~[0m
    [7m142[0m         patient: true,
    [7m   [0m [96m~~~~~~~~~~~~~~~~~~~~~~[0m
    [7m...[0m 
    [7m146[0m         createdBy: { select: { firstName: true, lastName: true } },
    [7m   [0m [96m~~~~~~~~~~~~~~~~~~~~~~~~~~~~~~~~~~~~~~~~~~~~~~~~~~~~~~~~~~~~~~~~~~~[0m
    [7m147[0m       },
    [7m   [0m [96m~~~~~~~[0m
    The expected type comes from property 'include' which is declared here on type '{ where: { id: string; }; include: 
never; }'
[96msrc/billing/billing.service.ts[0m:[93m159[0m:[93m16[0m - [91merror[0m[90m TS2353: [0mObject literal may 
only specify known properties, and 'invoiceNumber' does not exist in type 'InvoiceWhereUniqueInput'.

[7m159[0m       where: { invoiceNumber },
[7m   [0m [91m               ~~~~~~~~~~~~~[0m

  [96mnode_modules/.prisma/client/index.d.ts[0m:[93m13584[0m:[93m5[0m
    [7m13584[0m     where: InvoiceWhereUniqueInput
    [7m     [0m [96m    ~~~~~[0m
    The expected type comes from property 'where' which is declared here on type '{ select?: 
InvoiceSelect<DefaultArgs> | null | undefined; omit?: InvoiceOmit<DefaultArgs> | null | undefined; where: 
InvoiceWhereUniqueInput; }'
[96msrc/billing/billing.service.ts[0m:[93m177[0m:[93m39[0m - [91merror[0m[90m TS2339: [0mProperty 'payment' 
does not exist on type 'PrismaService'.

[7m177[0m     const payment = await this.prisma.payment.create({
[7m   [0m [91m                                      ~~~~~~~[0m
[96msrc/billing/billing.service.ts[0m:[93m189[0m:[93m42[0m - [91merror[0m[90m TS2339: [0mProperty 
'amountPaid' does not exist on type '{ patient: string; appointment: never; items: never; createdBy: never; payments: 
never; } & { patient: string; id: string; createdAt: Date; updatedAt: string | null; total: Decimal; ... 12 more ...; 
transactionId: string | null; }'.

[7m189[0m     const newAmountPaid = Number(invoice.amountPaid) + dto.amount;
[7m   [0m [91m                                         ~~~~~~~~~~[0m
[96msrc/billing/billing.service.ts[0m:[93m190[0m:[93m53[0m - [91merror[0m[90m TS2339: [0mProperty 
'totalAmount' does not exist on type '{ patient: string; appointment: never; items: never; createdBy: never; payments: 
never; } & { patient: string; id: string; createdAt: Date; updatedAt: string | null; total: Decimal; ... 12 more ...; 
transactionId: string | null; }'.

[7m190[0m     const newAmountDue = Math.max(0, Number(invoice.totalAmount) - newAmountPaid);
[7m   [0m [91m                                                    ~~~~~~~~~~~[0m
[96msrc/billing/billing.service.ts[0m:[93m196[0m:[93m9[0m - [91merror[0m[90m TS2353: [0mObject literal may 
only specify known properties, and 'amountPaid' does not exist in type '(Without<InvoiceUpdateInput, 
InvoiceUncheckedUpdateInput> & InvoiceUncheckedUpdateInput) | (Without<...> & InvoiceUpdateInput)'.

[7m196[0m         amountPaid: newAmountPaid,
[7m   [0m [91m        ~~~~~~~~~~[0m

  [96mnode_modules/.prisma/client/index.d.ts[0m:[93m13807[0m:[93m5[0m
    [7m13807[0m     data: XOR<InvoiceUpdateInput, InvoiceUncheckedUpdateInput>
    [7m     [0m [96m    ~~~~[0m
    The expected type comes from property 'data' which is declared here on type '{ select?: InvoiceSelect<DefaultArgs> 
| null | undefined; omit?: InvoiceOmit<DefaultArgs> | null | undefined; data: (Without<...> & 
InvoiceUncheckedUpdateInput) | (Without<...> & InvoiceUpdateInput); where: InvoiceWhereUniqueInput; }'
[96msrc/billing/billing.service.ts[0m:[93m220[0m:[93m9[0m - [91merror[0m[90m TS2353: [0mObject literal may 
only specify known properties, and 'reportDispatched' does not exist in type '(Without<InvoiceUpdateInput, 
InvoiceUncheckedUpdateInput> & InvoiceUncheckedUpdateInput) | (Without<...> & InvoiceUpdateInput)'.

[7m220[0m         reportDispatched: true,
[7m   [0m [91m        ~~~~~~~~~~~~~~~~[0m

  [96mnode_modules/.prisma/client/index.d.ts[0m:[93m13807[0m:[93m5[0m
    [7m13807[0m     data: XOR<InvoiceUpdateInput, InvoiceUncheckedUpdateInput>
    [7m     [0m [96m    ~~~~[0m
    The expected type comes from property 'data' which is declared here on type '{ select?: InvoiceSelect<DefaultArgs> 
| null | undefined; omit?: InvoiceOmit<DefaultArgs> | null | undefined; data: (Without<...> & 
InvoiceUncheckedUpdateInput) | (Without<...> & InvoiceUpdateInput); where: InvoiceWhereUniqueInput; }'
[96msrc/billing/invoice-pdf.service.ts[0m:[93m13[0m:[93m7[0m - [91merror[0m[90m TS2322: [0mType '{ patient: 
true; items: true; }' is not assignable to type 'never'.

[7m13[0m       include: {
[7m  [0m [91m      ~~~~~~~[0m

  [96msrc/billing/invoice-pdf.service.ts[0m:[93m13[0m:[93m7[0m
    [7m13[0m       include: {
    [7m  [0m [96m      ~~~~~~~~~~[0m
    [7m14[0m         patient: true,
    [7m  [0m [96m~~~~~~~~~~~~~~~~~~~~~~[0m
    [7m15[0m         items: true,
    [7m  [0m [96m~~~~~~~~~~~~~~~~~~~~[0m
    [7m16[0m       },
    [7m  [0m [96m~~~~~~~[0m
    The expected type comes from property 'include' which is declared here on type '{ where: { id: string; }; include: 
never; }'
[96msrc/billing/invoice-pdf.service.ts[0m:[93m23[0m:[93m76[0m - [91merror[0m[90m TS2339: [0mProperty 
'invoiceNumber' does not exist on type '{ patient: string; items: never; } & { patient: string; id: string; createdAt: 
Date; updatedAt: string | null; total: Decimal; uhid: string | null; service: string; status: string; ... 9 more ...; 
transactionId: string | null; }'.

[7m23[0m     this.logger.log(`Generating PDF receipt template for Invoice ${invoice.invoiceNumber}`);
[7m  [0m [91m                                                                           ~~~~~~~~~~~~~[0m
[96msrc/billing/invoice-pdf.service.ts[0m:[93m48[0m:[93m57[0m - [91merror[0m[90m TS2339: [0mProperty 
'invoiceNumber' does not exist on type '{ patient: string; items: never; } & { patient: string; id: string; createdAt: 
Date; updatedAt: string | null; total: Decimal; uhid: string | null; service: string; status: string; ... 9 more ...; 
transactionId: string | null; }'.

[7m48[0m             <div><strong>Invoice No:</strong> ${invoice.invoiceNumber}</div>
[7m  [0m [91m                                                        ~~~~~~~~~~~~~[0m
[96msrc/billing/invoice-pdf.service.ts[0m:[93m52[0m:[93m59[0m - [91merror[0m[90m TS2339: [0mProperty 'uhid' 
does not exist on type 'string'.

[7m52[0m             <div><strong>UHID:</strong> ${invoice.patient.uhid}</div>
[7m  [0m [91m                                                          ~~~~[0m
[96msrc/billing/invoice-pdf.service.ts[0m:[93m53[0m:[93m67[0m - [91merror[0m[90m TS2339: [0mProperty 
'firstName' does not exist on type 'string'.

[7m53[0m             <div><strong>Patient Name:</strong> ${invoice.patient.firstName} 
${invoice.patient.lastName}</div>
[7m  [0m [91m                                                                  ~~~~~~~~~[0m
[96msrc/billing/invoice-pdf.service.ts[0m:[93m53[0m:[93m96[0m - [91merror[0m[90m TS2339: [0mProperty 
'lastName' does not exist on type 'string'.

[7m53[0m             <div><strong>Patient Name:</strong> ${invoice.patient.firstName} 
${invoice.patient.lastName}</div>
[7m  [0m [91m                                                                                               
~~~~~~~~[0m
[96msrc/billing/invoice-pdf.service.ts[0m:[93m54[0m:[93m65[0m - [91merror[0m[90m TS2339: [0mProperty 'age' 
does not exist on type 'string'.

[7m54[0m             <div><strong>Age/Gender:</strong> ${invoice.patient.age} years / ${invoice.patient.gender}</div>
[7m  [0m [91m                                                                ~~~[0m
[96msrc/billing/invoice-pdf.service.ts[0m:[93m54[0m:[93m96[0m - [91merror[0m[90m TS2339: [0mProperty 
'gender' does not exist on type 'string'.

[7m54[0m             <div><strong>Age/Gender:</strong> ${invoice.patient.age} years / ${invoice.patient.gender}</div>
[7m  [0m [91m                                                                                               
~~~~~~[0m
[96msrc/billing/invoice-pdf.service.ts[0m:[93m55[0m:[93m65[0m - [91merror[0m[90m TS2339: [0mProperty 
'mobile' does not exist on type 'string'.

[7m55[0m             <div><strong>Contact No:</strong> ${invoice.patient.mobile}</div>
[7m  [0m [91m                                                                ~~~~~~[0m
[96msrc/billing/invoice-pdf.service.ts[0m:[93m68[0m:[93m18[0m - [91merror[0m[90m TS2339: [0mProperty 'map' 
does not exist on type 'never'.

[7m68[0m                 .map(
[7m  [0m [91m                 ~~~[0m
[96msrc/billing/invoice-pdf.service.ts[0m:[93m83[0m:[93m30[0m - [91merror[0m[90m TS2339: [0mProperty 
'discountAmount' does not exist on type '{ patient: string; items: never; } & { patient: string; id: string; 
createdAt: Date; updatedAt: string | null; total: Decimal; uhid: string | null; service: string; status: string; ... 9 
more ...; transactionId: string | null; }'.

[7m83[0m             ${Number(invoice.discountAmount) > 0 ? `<div>Discount: -Γé╣${invoice.discountAmount}</div>` : 
''}
[7m  [0m [91m                             ~~~~~~~~~~~~~~[0m
[96msrc/billing/invoice-pdf.service.ts[0m:[93m83[0m:[93m80[0m - [91merror[0m[90m TS2339: [0mProperty 
'discountAmount' does not exist on type '{ patient: string; items: never; } & { patient: string; id: string; 
createdAt: Date; updatedAt: string | null; total: Decimal; uhid: string | null; service: string; status: string; ... 9 
more ...; transactionId: string | null; }'.

[7m83[0m             ${Number(invoice.discountAmount) > 0 ? `<div>Discount: -Γé╣${invoice.discountAmount}</div>` : 
''}
[7m  [0m [91m                                                                               ~~~~~~~~~~~~~~[0m
[96msrc/billing/invoice-pdf.service.ts[0m:[93m84[0m:[93m34[0m - [91merror[0m[90m TS2339: [0mProperty 
'taxAmount' does not exist on type '{ patient: string; items: never; } & { patient: string; id: string; createdAt: 
Date; updatedAt: string | null; total: Decimal; uhid: string | null; service: string; status: string; ... 9 more ...; 
transactionId: string | null; }'.

[7m84[0m             <div>Tax: Γé╣${invoice.taxAmount}</div>
[7m  [0m [91m                                 ~~~~~~~~~[0m
[96msrc/billing/invoice-pdf.service.ts[0m:[93m86[0m:[93m42[0m - [91merror[0m[90m TS2339: [0mProperty 
'totalAmount' does not exist on type '{ patient: string; items: never; } & { patient: string; id: string; createdAt: 
Date; updatedAt: string | null; total: Decimal; uhid: string | null; service: string; status: string; ... 9 more ...; 
transactionId: string | null; }'.

[7m86[0m             <div>Grand Total: Γé╣${invoice.totalAmount}</div>
[7m  [0m [91m                                         ~~~~~~~~~~~[0m
[96msrc/billing/invoice-pdf.service.ts[0m:[93m87[0m:[93m42[0m - [91merror[0m[90m TS2339: [0mProperty 
'amountPaid' does not exist on type '{ patient: string; items: never; } & { patient: string; id: string; createdAt: 
Date; updatedAt: string | null; total: Decimal; uhid: string | null; service: string; status: string; ... 9 more ...; 
transactionId: string | null; }'.

[7m87[0m             <div>Amount Paid: Γé╣${invoice.amountPaid}</div>
[7m  [0m [91m                                         ~~~~~~~~~~[0m
[96msrc/billing/invoice-pdf.service.ts[0m:[93m88[0m:[93m41[0m - [91merror[0m[90m TS2339: [0mProperty 
'amountDue' does not exist on type '{ patient: string; items: never; } & { patient: string; id: string; createdAt: 
Date; updatedAt: string | null; total: Decimal; uhid: string | null; service: string; status: string; ... 9 more ...; 
transactionId: string | null; }'.

[7m88[0m             <div>Amount Due: Γé╣${invoice.amountDue}</div>
[7m  [0m [91m                                        ~~~~~~~~~[0m
[96msrc/common/interceptors/audit-log.interceptor.ts[0m:[93m35[0m:[93m31[0m - [91merror[0m[90m TS2339: 
[0mProperty 'auditLog' does not exist on type 'PrismaService'.

[7m35[0m             await this.prisma.auditLog.create({
[7m  [0m [91m                              ~~~~~~~~[0m
[96msrc/dashboard/dashboard.service.ts[0m:[93m24[0m:[93m44[0m - [91merror[0m[90m TS2353: [0mObject literal 
may only specify known properties, and 'isActive' does not exist in type 'PatientWhereInput'.

[7m24[0m       this.prisma.patient.count({ where: { isActive: true } }),
[7m  [0m [91m                                           ~~~~~~~~[0m
[96msrc/dashboard/dashboard.service.ts[0m:[93m32[0m:[93m11[0m - [91merror[0m[90m TS2353: [0mObject literal 
may only specify known properties, and 'appointmentDate' does not exist in type 'AppointmentWhereInput'.

[7m32[0m           appointmentDate: {
[7m  [0m [91m          ~~~~~~~~~~~~~~~[0m
[96msrc/dashboard/dashboard.service.ts[0m:[93m47[0m:[93m11[0m - [91merror[0m[90m TS2353: [0mObject literal 
may only specify known properties, and 'totalAmount' does not exist in type 'InvoiceSumAggregateInputType'.

[7m47[0m           totalAmount: true,
[7m  [0m [91m          ~~~~~~~~~~~[0m

  [96mnode_modules/.prisma/client/index.d.ts[0m:[93m12936[0m:[93m5[0m
    [7m12936[0m     _sum?: InvoiceSumAggregateInputType
    [7m     [0m [96m    ~~~~[0m
    The expected type comes from property '_sum' which is declared here on type 
'Subset<InvoiceAggregateArgs<DefaultArgs>, InvoiceAggregateArgs<DefaultArgs>>'
[96msrc/dashboard/dashboard.service.ts[0m:[93m64[0m:[93m9[0m - [91merror[0m[90m TS2353: [0mObject literal 
may only specify known properties, and 'totalAmount' does not exist in type 'InvoiceSelect<DefaultArgs>'.

[7m64[0m         totalAmount: true,
[7m  [0m [91m        ~~~~~~~~~~~[0m
[96msrc/dashboard/dashboard.service.ts[0m:[93m79[0m:[93m34[0m - [91merror[0m[90m TS18048: 
[0m'revenueSummary._sum' is possibly 'undefined'.

[7m79[0m         collectedRevenue: Number(revenueSummary._sum.amountPaid || 0),
[7m  [0m [91m                                 ~~~~~~~~~~~~~~~~~~~[0m
[96msrc/dashboard/dashboard.service.ts[0m:[93m79[0m:[93m54[0m - [91merror[0m[90m TS2339: [0mProperty 
'amountPaid' does not exist on type '{ subtotal?: Decimal | null | undefined; tax?: Decimal | null | undefined; 
discount?: Decimal | null | undefined; total?: Decimal | null | undefined; paid?: Decimal | ... 1 more ... | 
undefined; balance?: Decimal | ... 1 more ... | undefined; }'.

[7m79[0m         collectedRevenue: Number(revenueSummary._sum.amountPaid || 0),
[7m  [0m [91m                                                     ~~~~~~~~~~[0m
[96msrc/dashboard/dashboard.service.ts[0m:[93m80[0m:[93m28[0m - [91merror[0m[90m TS18048: 
[0m'revenueSummary._sum' is possibly 'undefined'.

[7m80[0m         dueRevenue: Number(revenueSummary._sum.amountDue || 0),
[7m  [0m [91m                           ~~~~~~~~~~~~~~~~~~~[0m
[96msrc/dashboard/dashboard.service.ts[0m:[93m80[0m:[93m48[0m - [91merror[0m[90m TS2339: [0mProperty 
'amountDue' does not exist on type '{ subtotal?: Decimal | null | undefined; tax?: Decimal | null | undefined; 
discount?: Decimal | null | undefined; total?: Decimal | null | undefined; paid?: Decimal | ... 1 more ... | 
undefined; balance?: Decimal | ... 1 more ... | undefined; }'.

[7m80[0m         dueRevenue: Number(revenueSummary._sum.amountDue || 0),
[7m  [0m [91m                                               ~~~~~~~~~[0m
[96msrc/dashboard/dashboard.service.ts[0m:[93m81[0m:[93m30[0m - [91merror[0m[90m TS18048: 
[0m'revenueSummary._sum' is possibly 'undefined'.

[7m81[0m         totalRevenue: Number(revenueSummary._sum.totalAmount || 0),
[7m  [0m [91m                             ~~~~~~~~~~~~~~~~~~~[0m
[96msrc/dashboard/dashboard.service.ts[0m:[93m81[0m:[93m50[0m - [91merror[0m[90m TS2339: [0mProperty 
'totalAmount' does not exist on type '{ subtotal?: Decimal | null | undefined; tax?: Decimal | null | undefined; 
discount?: Decimal | null | undefined; total?: Decimal | null | undefined; paid?: Decimal | ... 1 more ... | 
undefined; balance?: Decimal | ... 1 more ... | undefined; }'.

[7m81[0m         totalRevenue: Number(revenueSummary._sum.totalAmount || 0),
[7m  [0m [91m                                                 ~~~~~~~~~~~[0m
[96msrc/doctors/doctors.service.ts[0m:[93m51[0m:[93m7[0m - [91merror[0m[90m TS2322: [0mType '{ appointments: 
{ orderBy: { appointmentDate: string; }; take: number; include: { patient: { select: { id: true; uhid: true; 
firstName: true; lastName: true; }; }; }; }; }' is not assignable to type 'never'.

[7m51[0m       include: {
[7m  [0m [91m      ~~~~~~~[0m

  [96msrc/doctors/doctors.service.ts[0m:[93m51[0m:[93m7[0m
    [7m 51[0m       include: {
    [7m   [0m [96m      ~~~~~~~~~~[0m
    [7m 52[0m         appointments: {
    [7m   [0m [96m~~~~~~~~~~~~~~~~~~~~~~~[0m
    [7m...[0m 
    [7m 58[0m         },
    [7m   [0m [96m~~~~~~~~~~[0m
    [7m 59[0m       },
    [7m   [0m [96m~~~~~~~[0m
    The expected type comes from property 'include' which is declared here on type '{ where: { id: string; }; include: 
never; }'
[96msrc/doctors/dto/doctor.dto.ts[0m:[93m23[0m:[93m19[0m - [91merror[0m[90m TS2304: [0mCannot find name 
'Department'.

[7m23[0m   specialization: Department[];
[7m  [0m [91m                  ~~~~~~~~~~[0m
[96msrc/feedback/dto/create-feedback.dto.ts[0m:[93m259[0m:[93m15[0m - [91merror[0m[90m TS2304: [0mCannot 
find name 'HeardFrom'.

[7m259[0m   heardFrom?: HeardFrom;
[7m   [0m [91m              ~~~~~~~~~[0m
[96msrc/feedback/dto/create-feedback.dto.ts[0m:[93m269[0m:[93m17[0m - [91merror[0m[90m TS2304: [0mCannot 
find name 'ReferenceBy'.

[7m269[0m   referenceBy?: ReferenceBy;
[7m   [0m [91m                ~~~~~~~~~~~[0m
[96msrc/feedback/dto/create-feedback.dto.ts[0m:[93m279[0m:[93m17[0m - [91merror[0m[90m TS2304: [0mCannot 
find name 'ServiceTypeAvailed'.

[7m279[0m   serviceType?: ServiceTypeAvailed;
[7m   [0m [91m                ~~~~~~~~~~~~~~~~~~[0m
[96msrc/feedback/feedback.service.ts[0m:[93m26[0m:[93m24[0m - [91merror[0m[90m TS2339: [0mProperty 
'feedback' does not exist on type 'PrismaService'.

[7m26[0m     return this.prisma.feedback.create({
[7m  [0m [91m                       ~~~~~~~~[0m
[96msrc/feedback/feedback.service.ts[0m:[93m67[0m:[93m19[0m - [91merror[0m[90m TS2339: [0mProperty 
'feedback' does not exist on type 'PrismaService'.

[7m67[0m       this.prisma.feedback.findMany({
[7m  [0m [91m                  ~~~~~~~~[0m
[96msrc/feedback/feedback.service.ts[0m:[93m88[0m:[93m19[0m - [91merror[0m[90m TS2339: [0mProperty 
'feedback' does not exist on type 'PrismaService'.

[7m88[0m       this.prisma.feedback.count({ where }),
[7m  [0m [91m                  ~~~~~~~~[0m
[96msrc/feedback/feedback.service.ts[0m:[93m95[0m:[93m40[0m - [91merror[0m[90m TS2339: [0mProperty 
'feedback' does not exist on type 'PrismaService'.

[7m95[0m     const feedback = await this.prisma.feedback.findUnique({
[7m  [0m [91m                                       ~~~~~~~~[0m
[96msrc/feedback/feedback.service.ts[0m:[93m119[0m:[93m41[0m - [91merror[0m[90m TS2339: [0mProperty 
'feedback' does not exist on type 'PrismaService'.

[7m119[0m     const feedbacks = await this.prisma.feedback.findMany({
[7m   [0m [91m                                        ~~~~~~~~[0m
[96msrc/inquiry/dto/create-inquiry.dto.ts[0m:[93m28[0m:[93m23[0m - [91merror[0m[90m TS2304: [0mCannot find 
name 'Department'.

[7m28[0m   interestedService?: Department;
[7m  [0m [91m                      ~~~~~~~~~~[0m
[96msrc/inquiry/dto/create-inquiry.dto.ts[0m:[93m33[0m:[93m19[0m - [91merror[0m[90m TS2304: [0mCannot find 
name 'InquirySource'.

[7m33[0m   inquirySource?: InquirySource;
[7m  [0m [91m                  ~~~~~~~~~~~~~[0m
[96msrc/inquiry/dto/create-inquiry.dto.ts[0m:[93m43[0m:[93m12[0m - [91merror[0m[90m TS2304: [0mCannot find 
name 'InquiryStatus'.

[7m43[0m   status?: InquiryStatus;
[7m  [0m [91m           ~~~~~~~~~~~~~[0m
[96msrc/inquiry/inquiry.service.ts[0m:[93m16[0m:[93m9[0m - [91merror[0m[90m TS2353: [0mObject literal may 
only specify known properties, and 'inquiryNumber' does not exist in type '(Without<InquiryCreateInput, 
InquiryUncheckedCreateInput> & InquiryUncheckedCreateInput) | (Without<...> & InquiryCreateInput)'.

[7m16[0m         inquiryNumber,
[7m  [0m [91m        ~~~~~~~~~~~~~[0m

  [96mnode_modules/.prisma/client/index.d.ts[0m:[93m9119[0m:[93m5[0m
    [7m9119[0m     data: XOR<InquiryCreateInput, InquiryUncheckedCreateInput>
    [7m    [0m [96m    ~~~~[0m
    The expected type comes from property 'data' which is declared here on type '{ select?: InquirySelect<DefaultArgs> 
| null | undefined; omit?: InquiryOmit<DefaultArgs> | null | undefined; data: (Without<...> & 
InquiryUncheckedCreateInput) | (Without<...> & InquiryCreateInput); }'
[96msrc/inquiry/inquiry.service.ts[0m:[93m54[0m:[93m9[0m - [91merror[0m[90m TS2322: [0mType '{ patient: 
true; }' is not assignable to type 'never'.

[7m54[0m         include: { patient: true },
[7m  [0m [91m        ~~~~~~~[0m
[96msrc/inquiry/inquiry.service.ts[0m:[93m71[0m:[93m7[0m - [91merror[0m[90m TS2322: [0mType '{ patient: 
true; appointments: true; createdBy: { select: { id: true; firstName: true; lastName: true; }; }; }' is not assignable 
to type 'never'.

[7m71[0m       include: {
[7m  [0m [91m      ~~~~~~~[0m

  [96msrc/inquiry/inquiry.service.ts[0m:[93m71[0m:[93m7[0m
    [7m 71[0m       include: {
    [7m   [0m [96m      ~~~~~~~~~~[0m
    [7m 72[0m         patient: true,
    [7m   [0m [96m~~~~~~~~~~~~~~~~~~~~~~[0m
    [7m...[0m 
    [7m 76[0m         },
    [7m   [0m [96m~~~~~~~~~~[0m
    [7m 77[0m       },
    [7m   [0m [96m~~~~~~~[0m
    The expected type comes from property 'include' which is declared here on type '{ where: { id: string; }; include: 
never; }'
[96msrc/inquiry/inquiry.service.ts[0m:[93m101[0m:[93m9[0m - [91merror[0m[90m TS2353: [0mObject literal may 
only specify known properties, and 'patientId' does not exist in type '(Without<InquiryUpdateInput, 
InquiryUncheckedUpdateInput> & InquiryUncheckedUpdateInput) | (Without<...> & InquiryUpdateInput)'.

[7m101[0m         patientId,
[7m   [0m [91m        ~~~~~~~~~[0m

  [96mnode_modules/.prisma/client/index.d.ts[0m:[93m9167[0m:[93m5[0m
    [7m9167[0m     data: XOR<InquiryUpdateInput, InquiryUncheckedUpdateInput>
    [7m    [0m [96m    ~~~~[0m
    The expected type comes from property 'data' which is declared here on type '{ select?: InquirySelect<DefaultArgs> 
| null | undefined; omit?: InquiryOmit<DefaultArgs> | null | undefined; data: (Without<...> & 
InquiryUncheckedUpdateInput) | (Without<...> & InquiryUpdateInput); where: InquiryWhereUniqueInput; }'
[96msrc/inquiry/inquiry.service.ts[0m:[93m112[0m:[93m9[0m - [91merror[0m[90m TS2353: [0mObject literal may 
only specify known properties, and 'lostReason' does not exist in type '(Without<InquiryUpdateInput, 
InquiryUncheckedUpdateInput> & InquiryUncheckedUpdateInput) | (Without<...> & InquiryUpdateInput)'.

[7m112[0m         lostReason,
[7m   [0m [91m        ~~~~~~~~~~[0m

  [96mnode_modules/.prisma/client/index.d.ts[0m:[93m9167[0m:[93m5[0m
    [7m9167[0m     data: XOR<InquiryUpdateInput, InquiryUncheckedUpdateInput>
    [7m    [0m [96m    ~~~~[0m
    The expected type comes from property 'data' which is declared here on type '{ select?: InquirySelect<DefaultArgs> 
| null | undefined; omit?: InquiryOmit<DefaultArgs> | null | undefined; data: (Without<...> & 
InquiryUncheckedUpdateInput) | (Without<...> & InquiryUpdateInput); where: InquiryWhereUniqueInput; }'
[96msrc/mrd/mrd.service.ts[0m:[93m10[0m:[93m24[0m - [91merror[0m[90m TS2339: [0mProperty 'medicalRecord' 
does not exist on type 'PrismaService'.

[7m10[0m     return this.prisma.medicalRecord.create({
[7m  [0m [91m                       ~~~~~~~~~~~~~[0m
[96msrc/mrd/mrd.service.ts[0m:[93m46[0m:[93m19[0m - [91merror[0m[90m TS2339: [0mProperty 'medicalRecord' 
does not exist on type 'PrismaService'.

[7m46[0m       this.prisma.medicalRecord.findMany({
[7m  [0m [91m                  ~~~~~~~~~~~~~[0m
[96msrc/mrd/mrd.service.ts[0m:[93m56[0m:[93m19[0m - [91merror[0m[90m TS2339: [0mProperty 'medicalRecord' 
does not exist on type 'PrismaService'.

[7m56[0m       this.prisma.medicalRecord.count({ where }),
[7m  [0m [91m                  ~~~~~~~~~~~~~[0m
[96msrc/mrd/mrd.service.ts[0m:[93m69[0m:[93m38[0m - [91merror[0m[90m TS2339: [0mProperty 'medicalRecord' 
does not exist on type 'PrismaService'.

[7m69[0m     const record = await this.prisma.medicalRecord.findUnique({
[7m  [0m [91m                                     ~~~~~~~~~~~~~[0m
[96msrc/mrd/mrd.service.ts[0m:[93m87[0m:[93m24[0m - [91merror[0m[90m TS2339: [0mProperty 'medicalRecord' 
does not exist on type 'PrismaService'.

[7m87[0m     return this.prisma.medicalRecord.update({
[7m  [0m [91m                       ~~~~~~~~~~~~~[0m
[96msrc/mrd/mrd.service.ts[0m:[93m95[0m:[93m23[0m - [91merror[0m[90m TS2339: [0mProperty 'medicalRecord' 
does not exist on type 'PrismaService'.

[7m95[0m     await this.prisma.medicalRecord.delete({
[7m  [0m [91m                      ~~~~~~~~~~~~~[0m
[96msrc/nc/dto/nc.dto.ts[0m:[93m12[0m:[93m9[0m - [91merror[0m[90m TS2304: [0mCannot find name 'NCType'.

[7m12[0m   type: NCType;
[7m  [0m [91m        ~~~~~~[0m
[96msrc/nc/dto/nc.dto.ts[0m:[93m22[0m:[93m14[0m - [91merror[0m[90m TS2304: [0mCannot find name 'Severity'.

[7m22[0m   severity?: Severity;
[7m  [0m [91m             ~~~~~~~~[0m
[96msrc/nc/dto/nc.dto.ts[0m:[93m27[0m:[93m12[0m - [91merror[0m[90m TS2304: [0mCannot find name 'NCStatus'.

[7m27[0m   status?: NCStatus;
[7m  [0m [91m           ~~~~~~~~[0m
[96msrc/nc/nc.service.ts[0m:[93m16[0m:[93m9[0m - [91merror[0m[90m TS2353: [0mObject literal may only specify 
known properties, and 'ncNumber' does not exist in type '(Without<NonConformanceCreateInput, 
NonConformanceUncheckedCreateInput> & NonConformanceUncheckedCreateInput) | (Without<...> & 
NonConformanceCreateInput)'.

[7m16[0m         ncNumber,
[7m  [0m [91m        ~~~~~~~~[0m

  [96mnode_modules/.prisma/client/index.d.ts[0m:[93m14884[0m:[93m5[0m
    [7m14884[0m     data?: XOR<NonConformanceCreateInput, NonConformanceUncheckedCreateInput>
    [7m     [0m [96m    ~~~~[0m
    The expected type comes from property 'data' which is declared here on type '{ select?: 
NonConformanceSelect<DefaultArgs> | null | undefined; omit?: NonConformanceOmit<DefaultArgs> | null | undefined; 
data?: (Without<...> & NonConformanceUncheckedCreateInput) | ... 1 more ... | undefined; }'
[96msrc/nc/nc.service.ts[0m:[93m50[0m:[93m9[0m - [91merror[0m[90m TS2322: [0mType '{ patient: { select: { 
id: true; uhid: true; firstName: true; lastName: true; }; }; identifiedBy: { select: { id: true; firstName: true; 
lastName: true; }; }; resolvedBy: { select: { id: true; firstName: true; lastName: true; }; }; }' is not assignable to 
type 'never'.

[7m50[0m         include: {
[7m  [0m [91m        ~~~~~~~[0m
Found 81 error(s).

[96msrc/nc/nc.service.ts[0m:[93m71[0m:[93m7[0m - [91merror[0m[90m TS2322: [0mType '{ patient: true; 
identifiedBy: { select: { id: true; firstName: true; lastName: true; role: true; }; }; resolvedBy: { select: { id: 
true; firstName: true; lastName: true; role: true; }; }; }' is not assignable to type 'never'.

[7m71[0m       include: {
[7m  [0m [91m      ~~~~~~~[0m

  [96msrc/nc/nc.service.ts[0m:[93m71[0m:[93m7[0m
    [7m 71[0m       include: {
    [7m   [0m [96m      ~~~~~~~~~~[0m
    [7m 72[0m         patient: true,
    [7m   [0m [96m~~~~~~~~~~~~~~~~~~~~~~[0m
    [7m...[0m 
    [7m 74[0m         resolvedBy: { select: { id: true, firstName: true, lastName: true, role: true } },
    [7m   [0m [96m~~~~~~~~~~~~~~~~~~~~~~~~~~~~~~~~~~~~~~~~~~~~~~~~~~~~~~~~~~~~~~~~~~~~~~~~~~~~~~~~~~~~~~~~~~[0m
    [7m 75[0m       },
    [7m   [0m [96m~~~~~~~[0m
    The expected type comes from property 'include' which is declared here on type '{ where: { id: string; }; include: 
never; }'
[96msrc/nc/nc.service.ts[0m:[93m92[0m:[93m9[0m - [91merror[0m[90m TS2353: [0mObject literal may only specify 
known properties, and 'resolution' does not exist in type '(Without<NonConformanceUpdateInput, 
NonConformanceUncheckedUpdateInput> & NonConformanceUncheckedUpdateInput) | (Without<...> & 
NonConformanceUpdateInput)'.

[7m92[0m         resolution: dto.resolution,
[7m  [0m [91m        ~~~~~~~~~~[0m

  [96mnode_modules/.prisma/client/index.d.ts[0m:[93m14932[0m:[93m5[0m
    [7m14932[0m     data: XOR<NonConformanceUpdateInput, NonConformanceUncheckedUpdateInput>
    [7m     [0m [96m    ~~~~[0m
    The expected type comes from property 'data' which is declared here on type '{ select?: 
NonConformanceSelect<DefaultArgs> | null | undefined; omit?: NonConformanceOmit<DefaultArgs> | null | undefined; data: 
(Without<...> & NonConformanceUncheckedUpdateInput) | (Without<...> & NonConformanceUpdateInput); where: 
NonConformanceWhereUniqueInput; }'
[96msrc/notifications/notifications.service.ts[0m:[93m10[0m:[93m24[0m - [91merror[0m[90m TS2339: [0mProperty 
'notification' does not exist on type 'PrismaService'.

[7m10[0m     return this.prisma.notification.create({
[7m  [0m [91m                       ~~~~~~~~~~~~[0m
[96msrc/notifications/notifications.service.ts[0m:[93m27[0m:[93m24[0m - [91merror[0m[90m TS2339: [0mProperty 
'notification' does not exist on type 'PrismaService'.

[7m27[0m     return this.prisma.notification.findMany({
[7m  [0m [91m                       ~~~~~~~~~~~~[0m
[96msrc/notifications/notifications.service.ts[0m:[93m35[0m:[93m44[0m - [91merror[0m[90m TS2339: [0mProperty 
'notification' does not exist on type 'PrismaService'.

[7m35[0m     const notification = await this.prisma.notification.findUnique({
[7m  [0m [91m                                           ~~~~~~~~~~~~[0m
[96msrc/notifications/notifications.service.ts[0m:[93m43[0m:[93m24[0m - [91merror[0m[90m TS2339: [0mProperty 
'notification' does not exist on type 'PrismaService'.

[7m43[0m     return this.prisma.notification.update({
[7m  [0m [91m                       ~~~~~~~~~~~~[0m
[96msrc/notifications/notifications.service.ts[0m:[93m50[0m:[93m24[0m - [91merror[0m[90m TS2339: [0mProperty 
'notification' does not exist on type 'PrismaService'.

[7m50[0m     return this.prisma.notification.updateMany({
[7m  [0m [91m                       ~~~~~~~~~~~~[0m
[96msrc/notifications/notifications.service.ts[0m:[93m57[0m:[93m44[0m - [91merror[0m[90m TS2339: [0mProperty 
'notification' does not exist on type 'PrismaService'.

[7m57[0m     const notification = await this.prisma.notification.findUnique({
[7m  [0m [91m                                           ~~~~~~~~~~~~[0m
[96msrc/notifications/notifications.service.ts[0m:[93m65[0m:[93m23[0m - [91merror[0m[90m TS2339: [0mProperty 
'notification' does not exist on type 'PrismaService'.

[7m65[0m     await this.prisma.notification.delete({
[7m  [0m [91m                      ~~~~~~~~~~~~[0m

